// Jest Snapshot v1, https://goo.gl/fbAQLP

exports[`should render 1`] = `
<div
  class="p-4"
  data-testid="shell-wrapper"
  style="background-color: rgb(247, 247, 247); border-bottom: 1px solid #ececec; position: fixed; width: 100%; z-index: 100;"
>
  <div
    class="container"
  >
    <div
      class="row"
    >
      <div
        class="justify-content-start col-lg-1 col-md-1 col-sm-2 col-2"
        data-testid="shell-home-col"
      />
      <div
        class="col-lg-10 col-md-10 col-sm-8 col-8"
      >
        <h2
          class="text-center"
        >
          title
        </h2>
      </div>
      <div
        class="col-lg-1 col-md-1 col-sm-2 col-2"
        data-testid="shell-edit-col"
      />
    </div>
  </div>
</div>
`;
